Copyright 1986-2022 Xilinx, Inc. All Rights Reserved. Copyright 2022-2024 Advanced Micro Devices, Inc. All Rights Reserved.
---------------------------------------------------------------------------------------------------------------------------------------------
| Tool Version : Vivado v.2024.2 (win64) Build 5239630 Fri Nov 08 22:35:27 MST 2024
| Date         : Tue Mar 24 21:40:45 2026
| Host         : DESKTOP-EK3KMT5 running 64-bit major release  (build 9200)
| Command      : report_timing_summary -file C:/Users/ADMIN/Desktop/vivado_reports/timing_summary.rpt
| Design       : system_top
| Device       : 7z020-clg484
| Speed File   : -1  PRODUCTION 1.12 2019-11-22
| Design State : Routed
---------------------------------------------------------------------------------------------------------------------------------------------

Timing Summary Report

------------------------------------------------------------------------------------------------
| Timer Settings
| --------------
------------------------------------------------------------------------------------------------

  Enable Multi Corner Analysis               :  Yes
  Enable Pessimism Removal                   :  Yes
  Pessimism Removal Resolution               :  Nearest Common Node
  Enable Input Delay Default Clock           :  No
  Enable Preset / Clear Arcs                 :  No
  Disable Flight Delays                      :  No
  Ignore I/O Paths                           :  No
  Timing Early Launch at Borrowing Latches   :  No
  Borrow Time for Max Delay Exceptions       :  Yes
  Merge Timing Exceptions                    :  Yes
  Inter-SLR Compensation                     :  Conservative

  Corner  Analyze    Analyze    
  Name    Max Paths  Min Paths  
  ------  ---------  ---------  
  Slow    Yes        Yes        
  Fast    Yes        Yes        


------------------------------------------------------------------------------------------------
| Report Methodology
| ------------------
------------------------------------------------------------------------------------------------

No report available as report_methodology has not been run prior. Run report_methodology on the current design for the summary of methodology violations.



check_timing report

Table of Contents
-----------------
1. checking no_clock (0)
2. checking constant_clock (0)
3. checking pulse_width_clock (0)
4. checking unconstrained_internal_endpoints (0)
5. checking no_input_delay (1)
6. checking no_output_delay (5)
7. checking multiple_clock (0)
8. checking generated_clocks (0)
9. checking loops (0)
10. checking partial_input_delay (0)
11. checking partial_output_delay (0)
12. checking latch_loops (0)

1. checking no_clock (0)
------------------------
 There are 0 register/latch pins with no clock.


2. checking constant_clock (0)
------------------------------
 There are 0 register/latch pins with constant_clock.


3. checking pulse_width_clock (0)
---------------------------------
 There are 0 register/latch pins which need pulse_width check


4. checking unconstrained_internal_endpoints (0)
------------------------------------------------
 There are 0 pins that are not constrained for maximum delay.

 There are 0 pins that are not constrained for maximum delay due to constant clock.


5. checking no_input_delay (1)
------------------------------
 There are 0 input ports with no input delay specified.

 There is 1 input port with no input delay but user has a false path constraint. (MEDIUM)


6. checking no_output_delay (5)
-------------------------------
 There are 0 ports with no output delay specified.

 There are 5 ports with no output delay but user has a false path constraint (MEDIUM)

 There are 0 ports with no output delay but with a timing clock defined on it or propagating through it


7. checking multiple_clock (0)
------------------------------
 There are 0 register/latch pins with multiple clocks.


8. checking generated_clocks (0)
--------------------------------
 There are 0 generated clocks that are not connected to a clock source.


9. checking loops (0)
---------------------
 There are 0 combinational loops in the design.


10. checking partial_input_delay (0)
------------------------------------
 There are 0 input ports with partial input delay specified.


11. checking partial_output_delay (0)
-------------------------------------
 There are 0 ports with partial output delay specified.


12. checking latch_loops (0)
----------------------------
 There are 0 combinational latch loops in the design through latch input



------------------------------------------------------------------------------------------------
| Design Timing Summary
| ---------------------
------------------------------------------------------------------------------------------------

    WNS(ns)      TNS(ns)  TNS Failing Endpoints  TNS Total Endpoints      WHS(ns)      THS(ns)  THS Failing Endpoints  THS Total Endpoints     WPWS(ns)     TPWS(ns)  TPWS Failing Endpoints  TPWS Total Endpoints  
    -------      -------  ---------------------  -------------------      -------      -------  ---------------------  -------------------     --------     --------  ----------------------  --------------------  
      0.786        0.000                      0                45762        0.006        0.000                      0                45762        1.100        0.000                       0                 19322  


All user specified timing constraints are met.


------------------------------------------------------------------------------------------------
| Clock Summary
| -------------
------------------------------------------------------------------------------------------------

Clock        Waveform(ns)         Period(ns)      Frequency(MHz)
-----        ------------         ----------      --------------
sys_clk_pin  {0.000 2.500}        5.000           200.000         
  clk_100    {0.000 5.000}        10.000          100.000         
  clk_fb     {0.000 2.500}        5.000           200.000         


------------------------------------------------------------------------------------------------
| Intra Clock Table
| -----------------
------------------------------------------------------------------------------------------------

Clock             WNS(ns)      TNS(ns)  TNS Failing Endpoints  TNS Total Endpoints      WHS(ns)      THS(ns)  THS Failing Endpoints  THS Total Endpoints     WPWS(ns)     TPWS(ns)  TPWS Failing Endpoints  TPWS Total Endpoints  
-----             -------      -------  ---------------------  -------------------      -------      -------  ---------------------  -------------------     --------     --------  ----------------------  --------------------  
sys_clk_pin                                                                                                                                                     1.100        0.000                       0                     1  
  clk_100           0.834        0.000                      0                38375        0.006        0.000                      0                38375        4.500        0.000                       0                 19319  
  clk_fb                                                                                                                                                        3.751        0.000                       0                     2  


------------------------------------------------------------------------------------------------
| Inter Clock Table
| -----------------
------------------------------------------------------------------------------------------------

From Clock    To Clock          WNS(ns)      TNS(ns)  TNS Failing Endpoints  TNS Total Endpoints      WHS(ns)      THS(ns)  THS Failing Endpoints  THS Total Endpoints  
----------    --------          -------      -------  ---------------------  -------------------      -------      -------  ---------------------  -------------------  


------------------------------------------------------------------------------------------------
| Other Path Groups Table
| -----------------------
------------------------------------------------------------------------------------------------

Path Group         From Clock         To Clock               WNS(ns)      TNS(ns)  TNS Failing Endpoints  TNS Total Endpoints      WHS(ns)      THS(ns)  THS Failing Endpoints  THS Total Endpoints  
----------         ----------         --------               -------      -------  ---------------------  -------------------      -------      -------  ---------------------  -------------------  
**async_default**  clk_100            clk_100                  0.786        0.000                      0                 7387        0.880        0.000                      0                 7387  


------------------------------------------------------------------------------------------------
| Timing Details
| --------------
------------------------------------------------------------------------------------------------


---------------------------------------------------------------------------------------------------
From Clock:  sys_clk_pin
  To Clock:  sys_clk_pin

Setup :           NA  Failing Endpoints,  Worst Slack           NA  ,  Total Violation           NA
Hold  :           NA  Failing Endpoints,  Worst Slack           NA  ,  Total Violation           NA
PW    :            0  Failing Endpoints,  Worst Slack        1.100ns,  Total Violation        0.000ns
---------------------------------------------------------------------------------------------------


Pulse Width Checks
--------------------------------------------------------------------------------------
Clock Name:         sys_clk_pin
Waveform(ns):       { 0.000 2.500 }
Period(ns):         5.000
Sources:            { sys_clk_p }

Check Type        Corner  Lib Pin            Reference Pin  Required(ns)  Actual(ns)  Slack(ns)  Location         Pin
Min Period        n/a     MMCME2_ADV/CLKIN1  n/a            1.249         5.000       3.751      MMCME2_ADV_X1Y2  u_mmcm/CLKIN1
Max Period        n/a     MMCME2_ADV/CLKIN1  n/a            100.000       5.000       95.000     MMCME2_ADV_X1Y2  u_mmcm/CLKIN1
Low Pulse Width   Slow    MMCME2_ADV/CLKIN1  n/a            1.400         2.500       1.100      MMCME2_ADV_X1Y2  u_mmcm/CLKIN1
High Pulse Width  Slow    MMCME2_ADV/CLKIN1  n/a            1.400         2.500       1.100      MMCME2_ADV_X1Y2  u_mmcm/CLKIN1



---------------------------------------------------------------------------------------------------
From Clock:  clk_100
  To Clock:  clk_100

Setup :            0  Failing Endpoints,  Worst Slack        0.834ns,  Total Violation        0.000ns
Hold  :            0  Failing Endpoints,  Worst Slack        0.006ns,  Total Violation        0.000ns
PW    :            0  Failing Endpoints,  Worst Slack        4.500ns,  Total Violation        0.000ns
---------------------------------------------------------------------------------------------------


Max Delay Paths
--------------------------------------------------------------------------------------
Slack (MET) :             0.834ns  (required time - arrival time)
  Source:                 u_core/u_fc1/chunk_cnt_reg_reg[6][2]/C
                            (rising edge-triggered cell FDCE clocked by clk_100  {rise@0.000ns fall@5.000ns period=10.000ns})
  Destination:            u_core/u_fc1/psum_lo_reg_reg[9]/D
                            (rising edge-triggered cell FDCE clocked by clk_100  {rise@0.000ns fall@5.000ns period=10.000ns})
  Path Group:             clk_100
  Path Type:              Setup (Max at Slow Process Corner)
  Requirement:            10.000ns  (clk_100 rise@10.000ns - clk_100 rise@0.000ns)
  Data Path Delay:        8.881ns  (logic 3.065ns (34.513%)  route 5.816ns (65.487%))
  Logic Levels:           8  (CARRY4=4 LUT3=2 LUT4=1 LUT5=1)
  Clock Path Skew:        -0.281ns (DCD - SCD + CPR)
    Destination Clock Delay (DCD):    5.814ns = ( 15.814 - 10.000 ) 
    Source Clock Delay      (SCD):    6.486ns
    Clock Pessimism Removal (CPR):    0.390ns
  Clock Uncertainty:      0.066ns  ((TSJ^2 + DJ^2)^1/2) / 2 + PE
    Total System Jitter     (TSJ):    0.071ns
    Discrete Jitter          (DJ):    0.112ns
    Phase Error              (PE):    0.000ns

    Location             Delay type                Incr(ns)  Path(ns)    Netlist Resource(s)
  -------------------------------------------------------------------    -------------------
                         (clock clk_100 rise edge)    0.000     0.000 r  
    D18                                               0.000     0.000 r  sys_clk_p (IN)
                         net (fo=0)                   0.000     0.000    sys_clk_p
    D18                  IBUFDS (Prop_ibufds_I_O)     0.980     0.980 r  u_ibufds/O
                         net (fo=1, routed)           1.285     2.265    clk_200
    MMCME2_ADV_X1Y2      MMCME2_ADV (Prop_mmcme2_adv_CLKIN1_CLKOUT0)
                                                      0.089     2.354 r  u_mmcm/CLKOUT0
                         net (fo=1, routed)           2.206     4.560    clk_100
    BUFGCTRL_X0Y16       BUFG (Prop_bufg_I_O)         0.101     4.661 r  clk_100_BUFG_inst/O
                         net (fo=19317, routed)       1.825     6.486    u_core/u_fc1/clk_100_BUFG
    SLICE_X44Y123        FDCE                                         r  u_core/u_fc1/chunk_cnt_reg_reg[6][2]/C
  -------------------------------------------------------------------    -------------------
    SLICE_X44Y123        FDCE (Prop_fdce_C_Q)         0.456     6.942 r  u_core/u_fc1/chunk_cnt_reg_reg[6][2]/Q
                         net (fo=2, routed)           2.021     8.962    u_core/u_fc1/chunk_cnt_reg_reg[6]_33[2]
    SLICE_X43Y85         LUT3 (Prop_lut3_I0_O)        0.154     9.116 r  u_core/u_fc1/psum_lo_reg[7]_i_16/O
                         net (fo=2, routed)           0.415     9.531    u_core/u_fc1/chunk_cnt_reg_reg[6][2]_0[2]
    SLICE_X43Y85         LUT4 (Prop_lut4_I3_O)        0.327     9.858 r  u_core/u_fc1/psum_lo_reg[7]_i_19/O
                         net (fo=1, routed)           0.000     9.858    u_core_n_433
    SLICE_X43Y85         CARRY4 (Prop_carry4_S[3]_CO[3])
                                                      0.401    10.259 r  u_fc1/psum_lo_reg_reg[7]_i_13/CO[3]
                         net (fo=1, routed)           0.000    10.259    u_fc1/psum_lo_reg_reg[7]_i_13_n_0
    SLICE_X43Y86         CARRY4 (Prop_carry4_CI_O[1])
                                                      0.334    10.593 r  u_fc1/psum_lo_reg_reg[10]_i_9/O[1]
                         net (fo=3, routed)           1.707    12.301    u_fc1/psum_lo_reg_reg[10]_i_9_n_6
    SLICE_X61Y65         LUT3 (Prop_lut3_I2_O)        0.303    12.604 r  psum_lo_reg[7]_i_11/O
                         net (fo=2, routed)           1.009    13.613    psum_lo_reg[7]_i_11_n_0
    SLICE_X60Y67         LUT5 (Prop_lut5_I1_O)        0.150    13.763 r  psum_lo_reg[7]_i_3/O
                         net (fo=2, routed)           0.663    14.426    psum_lo_reg[7]_i_3_n_0
    SLICE_X61Y67         CARRY4 (Prop_carry4_DI[2]_CO[3])
                                                      0.606    15.032 r  u_fc1/psum_lo_reg_reg[7]_i_1/CO[3]
                         net (fo=1, routed)           0.000    15.032    u_core/u_fc1/psum_lo_reg_reg[10]_0[0]
    SLICE_X61Y68         CARRY4 (Prop_carry4_CI_O[1])
                                                      0.334    15.366 r  u_core/u_fc1/psum_lo_reg_reg[10]_i_1/O[1]
                         net (fo=1, routed)           0.000    15.366    u_core/u_fc1/psum_lo_comb[9]
    SLICE_X61Y68         FDCE                                         r  u_core/u_fc1/psum_lo_reg_reg[9]/D
  -------------------------------------------------------------------    -------------------

                         (clock clk_100 rise edge)   10.000    10.000 r  
    D18                                               0.000    10.000 r  sys_clk_p (IN)
                         net (fo=0)                   0.000    10.000    sys_clk_p
    D18                  IBUFDS (Prop_ibufds_I_O)     0.936    10.936 r  u_ibufds/O
                         net (fo=1, routed)           1.162    12.098    clk_200
    MMCME2_ADV_X1Y2      MMCME2_ADV (Prop_mmcme2_adv_CLKIN1_CLKOUT0)
                                                      0.084    12.182 r  u_mmcm/CLKOUT0
                         net (fo=1, routed)           2.012    14.194    clk_100
    BUFGCTRL_X0Y16       BUFG (Prop_bufg_I_O)         0.091    14.285 r  clk_100_BUFG_inst/O
                         net (fo=19317, routed)       1.530    15.814    u_core/u_fc1/clk_100_BUFG
    SLICE_X61Y68         FDCE                                         r  u_core/u_fc1/psum_lo_reg_reg[9]/C
                         clock pessimism              0.390    16.204    
                         clock uncertainty           -0.066    16.138    
    SLICE_X61Y68         FDCE (Setup_fdce_C_D)        0.062    16.200    u_core/u_fc1/psum_lo_reg_reg[9]
  -------------------------------------------------------------------
                         required time                         16.200    
                         arrival time                         -15.366    
  -------------------------------------------------------------------
                         slack                                  0.834    





Min Delay Paths
--------------------------------------------------------------------------------------
Slack (MET) :             0.006ns  (arrival time - required time)
  Source:                 u_core/u_br_cD3/o_features_reg[267]/C
                            (rising edge-triggered cell FDCE clocked by clk_100  {rise@0.000ns fall@5.000ns period=10.000ns})
  Destination:            u_core/u_fc1/input_reg_reg[587]/D
                            (rising edge-triggered cell FDCE clocked by clk_100  {rise@0.000ns fall@5.000ns period=10.000ns})
  Path Group:             clk_100
  Path Type:              Hold (Min at Fast Process Corner)
  Requirement:            0.000ns  (clk_100 rise@0.000ns - clk_100 rise@0.000ns)
  Data Path Delay:        0.349ns  (logic 0.141ns (40.348%)  route 0.208ns (59.652%))
  Logic Levels:           0  
  Clock Path Skew:        0.277ns (DCD - SCD - CPR)
    Destination Clock Delay (DCD):    2.671ns
    Source Clock Delay      (SCD):    2.257ns
    Clock Pessimism Removal (CPR):    0.136ns

    Location             Delay type                Incr(ns)  Path(ns)    Netlist Resource(s)
  -------------------------------------------------------------------    -------------------
                         (clock clk_100 rise edge)    0.000     0.000 r  
    D18                                               0.000     0.000 r  sys_clk_p (IN)
                         net (fo=0)                   0.000     0.000    sys_clk_p
    D18                  IBUFDS (Prop_ibufds_I_O)     0.407     0.407 r  u_ibufds/O
                         net (fo=1, routed)           0.440     0.847    clk_200
    MMCME2_ADV_X1Y2      MMCME2_ADV (Prop_mmcme2_adv_CLKIN1_CLKOUT0)
                                                      0.051     0.898 r  u_mmcm/CLKOUT0
                         net (fo=1, routed)           0.696     1.595    clk_100
    BUFGCTRL_X0Y16       BUFG (Prop_bufg_I_O)         0.026     1.621 r  clk_100_BUFG_inst/O
                         net (fo=19317, routed)       0.637     2.257    u_core/u_br_cD3/clk_100_BUFG
    SLICE_X110Y50        FDCE                                         r  u_core/u_br_cD3/o_features_reg[267]/C
  -------------------------------------------------------------------    -------------------
    SLICE_X110Y50        FDCE (Prop_fdce_C_Q)         0.141     2.398 r  u_core/u_br_cD3/o_features_reg[267]/Q
                         net (fo=1, routed)           0.208     2.607    u_core/u_fc1/input_reg_reg[2047]_0[587]
    SLICE_X110Y49        FDCE                                         r  u_core/u_fc1/input_reg_reg[587]/D
  -------------------------------------------------------------------    -------------------

                         (clock clk_100 rise edge)    0.000     0.000 r  
    D18                                               0.000     0.000 r  sys_clk_p (IN)
                         net (fo=0)                   0.000     0.000    sys_clk_p
    D18                  IBUFDS (Prop_ibufds_I_O)     0.442     0.442 r  u_ibufds/O
                         net (fo=1, routed)           0.480     0.922    clk_200
    MMCME2_ADV_X1Y2      MMCME2_ADV (Prop_mmcme2_adv_CLKIN1_CLKOUT0)
                                                      0.054     0.976 r  u_mmcm/CLKOUT0
                         net (fo=1, routed)           0.752     1.728    clk_100
    BUFGCTRL_X0Y16       BUFG (Prop_bufg_I_O)         0.029     1.757 r  clk_100_BUFG_inst/O
                         net (fo=19317, routed)       0.914     2.671    u_core/u_fc1/clk_100_BUFG
    SLICE_X110Y49        FDCE                                         r  u_core/u_fc1/input_reg_reg[587]/C
                         clock pessimism             -0.136     2.535    
    SLICE_X110Y49        FDCE (Hold_fdce_C_D)         0.066     2.601    u_core/u_fc1/input_reg_reg[587]
  -------------------------------------------------------------------
                         required time                         -2.601    
                         arrival time                           2.607    
  -------------------------------------------------------------------
                         slack                                  0.006    





Pulse Width Checks
--------------------------------------------------------------------------------------
Clock Name:         clk_100
Waveform(ns):       { 0.000 5.000 }
Period(ns):         10.000
Sources:            { u_mmcm/CLKOUT0 }

Check Type        Corner  Lib Pin             Reference Pin  Required(ns)  Actual(ns)  Slack(ns)  Location         Pin
Min Period        n/a     BUFG/I              n/a            2.155         10.000      7.845      BUFGCTRL_X0Y16   clk_100_BUFG_inst/I
Max Period        n/a     MMCME2_ADV/CLKOUT0  n/a            213.360       10.000      203.360    MMCME2_ADV_X1Y2  u_mmcm/CLKOUT0
Low Pulse Width   Slow    FDCE/C              n/a            0.500         5.000       4.500      SLICE_X80Y78     core_sample_reg[0]/C
High Pulse Width  Slow    FDCE/C              n/a            0.500         5.000       4.500      SLICE_X80Y78     core_sample_reg[0]/C



---------------------------------------------------------------------------------------------------
From Clock:  clk_fb
  To Clock:  clk_fb

Setup :           NA  Failing Endpoints,  Worst Slack           NA  ,  Total Violation           NA
Hold  :           NA  Failing Endpoints,  Worst Slack           NA  ,  Total Violation           NA
PW    :            0  Failing Endpoints,  Worst Slack        3.751ns,  Total Violation        0.000ns
---------------------------------------------------------------------------------------------------


Pulse Width Checks
--------------------------------------------------------------------------------------
Clock Name:         clk_fb
Waveform(ns):       { 0.000 2.500 }
Period(ns):         5.000
Sources:            { u_mmcm/CLKFBOUT }

Check Type  Corner  Lib Pin              Reference Pin  Required(ns)  Actual(ns)  Slack(ns)  Location         Pin
Min Period  n/a     MMCME2_ADV/CLKFBOUT  n/a            1.249         5.000       3.751      MMCME2_ADV_X1Y2  u_mmcm/CLKFBOUT
Max Period  n/a     MMCME2_ADV/CLKFBIN   n/a            100.000       5.000       95.000     MMCME2_ADV_X1Y2  u_mmcm/CLKFBIN



---------------------------------------------------------------------------------------------------
Path Group:  **async_default**
From Clock:  clk_100
  To Clock:  clk_100

Setup :            0  Failing Endpoints,  Worst Slack        0.786ns,  Total Violation        0.000ns
Hold  :            0  Failing Endpoints,  Worst Slack        0.880ns,  Total Violation        0.000ns
---------------------------------------------------------------------------------------------------


Max Delay Paths
--------------------------------------------------------------------------------------
Slack (MET) :             0.786ns  (required time - arrival time)
  Source:                 rst_sync_reg[2]/C
                            (rising edge-triggered cell FDCE clocked by clk_100  {rise@0.000ns fall@5.000ns period=10.000ns})
  Destination:            u_core/u_fc1/input_reg_reg[1049]/CLR
                            (recovery check against rising-edge clock clk_100  {rise@0.000ns fall@5.000ns period=10.000ns})
  Path Group:             **async_default**
  Path Type:              Recovery (Max at Slow Process Corner)
  Requirement:            10.000ns  (clk_100 rise@10.000ns - clk_100 rise@0.000ns)
  Data Path Delay:        8.670ns  (logic 0.580ns (6.690%)  route 8.090ns (93.310%))
  Logic Levels:           1  (LUT1=1)
  Clock Path Skew:        -0.073ns (DCD - SCD + CPR)
    Destination Clock Delay (DCD):    5.982ns = ( 15.982 - 10.000 ) 
    Source Clock Delay      (SCD):    6.445ns
    Clock Pessimism Removal (CPR):    0.390ns
  Clock Uncertainty:      0.066ns  ((TSJ^2 + DJ^2)^1/2) / 2 + PE
    Total System Jitter     (TSJ):    0.071ns
    Discrete Jitter          (DJ):    0.112ns
    Phase Error              (PE):    0.000ns

    Location             Delay type                Incr(ns)  Path(ns)    Netlist Resource(s)
  -------------------------------------------------------------------    -------------------
                         (clock clk_100 rise edge)    0.000     0.000 r  
    D18                                               0.000     0.000 r  sys_clk_p (IN)
                         net (fo=0)                   0.000     0.000    sys_clk_p
    D18                  IBUFDS (Prop_ibufds_I_O)     0.980     0.980 r  u_ibufds/O
                         net (fo=1, routed)           1.285     2.265    clk_200
    MMCME2_ADV_X1Y2      MMCME2_ADV (Prop_mmcme2_adv_CLKIN1_CLKOUT0)
                                                      0.089     2.354 r  u_mmcm/CLKOUT0
                         net (fo=1, routed)           2.206     4.560    clk_100
    BUFGCTRL_X0Y16       BUFG (Prop_bufg_I_O)         0.101     4.661 r  clk_100_BUFG_inst/O
                         net (fo=19317, routed)       1.784     6.445    clk_100_BUFG
    SLICE_X95Y93         FDCE                                         r  rst_sync_reg[2]/C
  -------------------------------------------------------------------    -------------------
    SLICE_X95Y93         FDCE (Prop_fdce_C_Q)         0.456     6.901 r  rst_sync_reg[2]/Q
                         net (fo=31, routed)          0.760     7.660    u_core/u_fc1/neuron_idx_reg_rep[0]_rep__29_1[0]
    SLICE_X105Y87        LUT1 (Prop_lut1_I0_O)        0.124     7.784 f  u_core/u_fc1/fill_cnt[2]_i_2/O
                         net (fo=7387, routed)        7.330    15.114    u_core/u_fc1/rst_sync_reg[2]
    SLICE_X29Y140        FDCE                                         f  u_core/u_fc1/input_reg_reg[1049]/CLR
  -------------------------------------------------------------------    -------------------

                         (clock clk_100 rise edge)   10.000    10.000 r  
    D18                                               0.000    10.000 r  sys_clk_p (IN)
                         net (fo=0)                   0.000    10.000    sys_clk_p
    D18                  IBUFDS (Prop_ibufds_I_O)     0.936    10.936 r  u_ibufds/O
                         net (fo=1, routed)           1.162    12.098    clk_200
    MMCME2_ADV_X1Y2      MMCME2_ADV (Prop_mmcme2_adv_CLKIN1_CLKOUT0)
                                                      0.084    12.182 r  u_mmcm/CLKOUT0
                         net (fo=1, routed)           2.012    14.194    clk_100
    BUFGCTRL_X0Y16       BUFG (Prop_bufg_I_O)         0.091    14.285 r  clk_100_BUFG_inst/O
                         net (fo=19317, routed)       1.697    15.982    u_core/u_fc1/clk_100_BUFG
    SLICE_X29Y140        FDCE                                         r  u_core/u_fc1/input_reg_reg[1049]/C
                         clock pessimism              0.390    16.372    
                         clock uncertainty           -0.066    16.305    
    SLICE_X29Y140        FDCE (Recov_fdce_C_CLR)     -0.405    15.900    u_core/u_fc1/input_reg_reg[1049]
  -------------------------------------------------------------------
                         required time                         15.900    
                         arrival time                         -15.114    
  -------------------------------------------------------------------
                         slack                                  0.786    





Min Delay Paths
--------------------------------------------------------------------------------------
Slack (MET) :             0.880ns  (arrival time - required time)
  Source:                 rst_sync_reg[2]/C
                            (rising edge-triggered cell FDCE clocked by clk_100  {rise@0.000ns fall@5.000ns period=10.000ns})
  Destination:            u_core/u_br_cD1/pos_reg[1]_rep__13/CLR
                            (removal check against rising-edge clock clk_100  {rise@0.000ns fall@5.000ns period=10.000ns})
  Path Group:             **async_default**
  Path Type:              Removal (Min at Fast Process Corner)
  Requirement:            0.000ns  (clk_100 rise@0.000ns - clk_100 rise@0.000ns)
  Data Path Delay:        1.163ns  (logic 0.186ns (16.000%)  route 0.977ns (84.000%))
  Logic Levels:           1  (LUT1=1)
  Clock Path Skew:        0.374ns (DCD - SCD - CPR)
    Destination Clock Delay (DCD):    2.743ns
    Source Clock Delay      (SCD):    2.227ns
    Clock Pessimism Removal (CPR):    0.141ns

    Location             Delay type                Incr(ns)  Path(ns)    Netlist Resource(s)
  -------------------------------------------------------------------    -------------------
                         (clock clk_100 rise edge)    0.000     0.000 r  
    D18                                               0.000     0.000 r  sys_clk_p (IN)
                         net (fo=0)                   0.000     0.000    sys_clk_p
    D18                  IBUFDS (Prop_ibufds_I_O)     0.407     0.407 r  u_ibufds/O
                         net (fo=1, routed)           0.440     0.847    clk_200
    MMCME2_ADV_X1Y2      MMCME2_ADV (Prop_mmcme2_adv_CLKIN1_CLKOUT0)
                                                      0.051     0.898 r  u_mmcm/CLKOUT0
                         net (fo=1, routed)           0.696     1.595    clk_100
    BUFGCTRL_X0Y16       BUFG (Prop_bufg_I_O)         0.026     1.621 r  clk_100_BUFG_inst/O
                         net (fo=19317, routed)       0.607     2.227    clk_100_BUFG
    SLICE_X95Y93         FDCE                                         r  rst_sync_reg[2]/C
  -------------------------------------------------------------------    -------------------
    SLICE_X95Y93         FDCE (Prop_fdce_C_Q)         0.141     2.368 r  rst_sync_reg[2]/Q
                         net (fo=31, routed)          0.347     2.715    u_core/u_fc1/neuron_idx_reg_rep[0]_rep__29_1[0]
    SLICE_X105Y87        LUT1 (Prop_lut1_I0_O)        0.045     2.760 f  u_core/u_fc1/fill_cnt[2]_i_2/O
                         net (fo=7387, routed)        0.630     3.390    u_core/u_br_cD1/pos_reg[6]_rep__0_0
    SLICE_X106Y114       FDCE                                         f  u_core/u_br_cD1/pos_reg[1]_rep__13/CLR
  -------------------------------------------------------------------    -------------------

                         (clock clk_100 rise edge)    0.000     0.000 r  
    D18                                               0.000     0.000 r  sys_clk_p (IN)
                         net (fo=0)                   0.000     0.000    sys_clk_p
    D18                  IBUFDS (Prop_ibufds_I_O)     0.442     0.442 r  u_ibufds/O
                         net (fo=1, routed)           0.480     0.922    clk_200
    MMCME2_ADV_X1Y2      MMCME2_ADV (Prop_mmcme2_adv_CLKIN1_CLKOUT0)
                                                      0.054     0.976 r  u_mmcm/CLKOUT0
                         net (fo=1, routed)           0.752     1.728    clk_100
    BUFGCTRL_X0Y16       BUFG (Prop_bufg_I_O)         0.029     1.757 r  clk_100_BUFG_inst/O
                         net (fo=19317, routed)       0.986     2.743    u_core/u_br_cD1/clk_100_BUFG
    SLICE_X106Y114       FDCE                                         r  u_core/u_br_cD1/pos_reg[1]_rep__13/C
                         clock pessimism             -0.141     2.602    
    SLICE_X106Y114       FDCE (Remov_fdce_C_CLR)     -0.092     2.510    u_core/u_br_cD1/pos_reg[1]_rep__13
  -------------------------------------------------------------------
                         required time                         -2.510    
                         arrival time                           3.390    
  -------------------------------------------------------------------
                         slack                                  0.880    





